[30-Apr-2026 18:43:28 Europe/Berlin] [2026-04-30 18:43:28] errno=2 Undefined property: mysqli::$in_transaction in C:\xampp\htdocs\warok\config\config.php:181
[30-Apr-2026 18:43:33 Europe/Berlin] [2026-04-30 18:43:33] errno=2 Undefined property: mysqli::$in_transaction in C:\xampp\htdocs\warok\config\config.php:181
[30-Apr-2026 18:49:52 Europe/Berlin] [2026-04-30 18:49:52] errno=2 Undefined property: mysqli::$in_transaction in C:\xampp\htdocs\warok\config\config.php:181
[30-Apr-2026 18:52:19 Europe/Berlin] [2026-04-30 18:52:19] errno=2 Undefined property: mysqli::$in_transaction in C:\xampp\htdocs\warok\config\config.php:181
[30-Apr-2026 18:52:23 Europe/Berlin] [2026-04-30 18:52:23] errno=2 Undefined property: mysqli::$in_transaction in C:\xampp\htdocs\warok\config\config.php:181
[30-Apr-2026 18:52:56 Europe/Berlin] [2026-04-30 18:52:56] errno=2 Undefined property: mysqli::$in_transaction in C:\xampp\htdocs\warok\config\config.php:181
[30-Apr-2026 18:54:04 Europe/Berlin] [2026-04-30 18:54:04] errno=2 Undefined property: mysqli::$in_transaction in C:\xampp\htdocs\warok\config\config.php:181
[30-Apr-2026 18:55:50 Europe/Berlin] [2026-04-30 18:55:50] errno=2 Undefined property: mysqli::$in_transaction in C:\xampp\htdocs\warok\config\config.php:181
[01-May-2026 04:13:25 Europe/Berlin] [2026-05-01 04:13:25] errno=2 Undefined property: mysqli::$in_transaction in C:\xampp\htdocs\warok\config\config.php:181
[01-May-2026 04:13:45 Europe/Berlin] [2026-05-01 04:13:45] errno=2 Undefined property: mysqli::$in_transaction in C:\xampp\htdocs\warok\config\config.php:181
[01-May-2026 04:14:01 Europe/Berlin] [2026-05-01 04:14:01] errno=2 Undefined property: mysqli::$in_transaction in C:\xampp\htdocs\warok\config\config.php:181
[01-May-2026 04:28:36 Europe/Berlin] [2026-05-01 04:28:36] errno=2 Undefined property: mysqli::$in_transaction in C:\xampp\htdocs\warok\config\config.php:181
[01-May-2026 04:29:58 Europe/Berlin] [2026-05-01 04:29:58] errno=2 Undefined property: mysqli::$in_transaction in C:\xampp\htdocs\warok\config\config.php:181
[01-May-2026 04:32:51 Europe/Berlin] [2026-05-01 04:32:51] errno=2 Undefined property: mysqli::$in_transaction in C:\xampp\htdocs\warok\config\config.php:181
[01-May-2026 04:33:09 Europe/Berlin] [2026-05-01 04:33:09] errno=2 Undefined property: mysqli::$in_transaction in C:\xampp\htdocs\warok\config\config.php:181
[01-May-2026 04:35:30 Europe/Berlin] [2026-05-01 04:35:30] errno=2 Undefined property: mysqli::$in_transaction in C:\xampp\htdocs\warok\config\config.php:181
[01-May-2026 04:39:19 Europe/Berlin] [2026-05-01 04:39:19] errno=2 Undefined property: mysqli::$in_transaction in C:\xampp\htdocs\warok\config\config.php:181
[01-May-2026 04:41:21 Europe/Berlin] [2026-05-01 04:41:21] errno=2 Undefined property: mysqli::$in_transaction in C:\xampp\htdocs\warok\config\config.php:181
[01-May-2026 04:42:42 Europe/Berlin] [2026-05-01 04:42:42] errno=2 Undefined property: mysqli::$in_transaction in C:\xampp\htdocs\warok\config\config.php:181
[01-May-2026 04:46:36 Europe/Berlin] [2026-05-01 04:46:36] errno=2 Undefined property: mysqli::$in_transaction in C:\xampp\htdocs\warok\config\config.php:181
[01-May-2026 04:47:08 Europe/Berlin] [2026-05-01 04:47:08] errno=2 Undefined property: mysqli::$in_transaction in C:\xampp\htdocs\warok\config\config.php:181
[01-May-2026 05:05:31 Europe/Berlin] [2026-05-01 05:05:31] errno=2 Undefined property: mysqli::$in_transaction in C:\xampp\htdocs\warok\config\config.php:181
[01-May-2026 05:08:55 Europe/Berlin] [2026-05-01 05:08:55] errno=2 Undefined property: mysqli::$in_transaction in C:\xampp\htdocs\warok\config\config.php:182
[01-May-2026 05:10:40 Europe/Berlin] [2026-05-01 05:10:40] errno=2 Undefined property: mysqli::$in_transaction in C:\xampp\htdocs\warok\config\config.php:182
[01-May-2026 05:28:59 Europe/Berlin] [2026-05-01 05:28:59] errno=2 Undefined property: mysqli::$in_transaction in C:\xampp\htdocs\warok\config\config.php:182
[01-May-2026 05:29:18 Europe/Berlin] [2026-05-01 05:29:18] errno=2 Undefined property: mysqli::$in_transaction in C:\xampp\htdocs\warok\config\config.php:182
[01-May-2026 05:29:32 Europe/Berlin] [2026-05-01 05:29:32] errno=2 Undefined property: mysqli::$in_transaction in C:\xampp\htdocs\warok\config\config.php:182
[01-May-2026 10:29:33 Asia/Jakarta] [2026-05-01 10:29:33] errno=2 Undefined property: mysqli::$in_transaction in C:\xampp\htdocs\warok\config\config.php:182
[01-May-2026 05:30:03 Europe/Berlin] [2026-05-01 05:30:03] errno=2 Undefined property: mysqli::$in_transaction in C:\xampp\htdocs\warok\config\config.php:182
[01-May-2026 05:30:08 Europe/Berlin] [2026-05-01 05:30:08] errno=2 Undefined property: mysqli::$in_transaction in C:\xampp\htdocs\warok\config\config.php:182
[01-May-2026 05:30:14 Europe/Berlin] [2026-05-01 05:30:14] errno=2 Undefined property: mysqli::$in_transaction in C:\xampp\htdocs\warok\config\config.php:182
[01-May-2026 05:30:15 Europe/Berlin] [2026-05-01 05:30:15] errno=2 Undefined property: mysqli::$in_transaction in C:\xampp\htdocs\warok\config\config.php:182
[01-May-2026 05:30:18 Europe/Berlin] [2026-05-01 05:30:18] errno=2 Undefined property: mysqli::$in_transaction in C:\xampp\htdocs\warok\config\config.php:182
[01-May-2026 05:30:20 Europe/Berlin] [2026-05-01 05:30:20] errno=2 Undefined property: mysqli::$in_transaction in C:\xampp\htdocs\warok\config\config.php:182
[01-May-2026 05:30:26 Europe/Berlin] [2026-05-01 05:30:26] errno=2 Undefined property: mysqli::$in_transaction in C:\xampp\htdocs\warok\config\config.php:182
[01-May-2026 05:30:42 Europe/Berlin] [2026-05-01 05:30:42] errno=2 Undefined property: mysqli::$in_transaction in C:\xampp\htdocs\warok\config\config.php:182
[01-May-2026 05:31:12 Europe/Berlin] [2026-05-01 05:31:12] errno=2 Undefined property: mysqli::$in_transaction in C:\xampp\htdocs\warok\config\config.php:182
[01-May-2026 05:31:13 Europe/Berlin] [2026-05-01 05:31:13] errno=2 Undefined property: mysqli::$in_transaction in C:\xampp\htdocs\warok\config\config.php:182
[01-May-2026 10:31:15 Asia/Jakarta] [2026-05-01 10:31:15] errno=2 Undefined property: mysqli::$in_transaction in C:\xampp\htdocs\warok\config\config.php:182
[01-May-2026 05:32:22 Europe/Berlin] [2026-05-01 05:32:22] errno=2 Undefined property: mysqli::$in_transaction in C:\xampp\htdocs\warok\config\config.php:182
[01-May-2026 10:32:29 Asia/Jakarta] [2026-05-01 10:32:29] errno=2 Undefined property: mysqli::$in_transaction in C:\xampp\htdocs\warok\config\config.php:182
[01-May-2026 05:32:30 Europe/Berlin] [2026-05-01 05:32:30] errno=2 Undefined property: mysqli::$in_transaction in C:\xampp\htdocs\warok\config\config.php:182
[01-May-2026 05:32:31 Europe/Berlin] [2026-05-01 05:32:31] errno=2 Undefined property: mysqli::$in_transaction in C:\xampp\htdocs\warok\config\config.php:182
[01-May-2026 05:32:32 Europe/Berlin] [2026-05-01 05:32:32] errno=2 Undefined property: mysqli::$in_transaction in C:\xampp\htdocs\warok\config\config.php:182
[01-May-2026 05:32:36 Europe/Berlin] [2026-05-01 05:32:36] errno=2 Undefined property: mysqli::$in_transaction in C:\xampp\htdocs\warok\config\config.php:182
[01-May-2026 10:32:51 Asia/Jakarta] [2026-05-01 10:32:51] errno=2 Undefined property: mysqli::$in_transaction in C:\xampp\htdocs\warok\config\config.php:182
[01-May-2026 05:32:51 Europe/Berlin] [2026-05-01 05:32:51] errno=2 Undefined property: mysqli::$in_transaction in C:\xampp\htdocs\warok\config\config.php:182
[01-May-2026 10:32:52 Asia/Jakarta] [2026-05-01 10:32:52] errno=2 Undefined property: mysqli::$in_transaction in C:\xampp\htdocs\warok\config\config.php:182
[01-May-2026 05:32:57 Europe/Berlin] [2026-05-01 05:32:57] errno=2 Undefined property: mysqli::$in_transaction in C:\xampp\htdocs\warok\config\config.php:182
[01-May-2026 05:33:01 Europe/Berlin] [2026-05-01 05:33:01] errno=2 Undefined property: mysqli::$in_transaction in C:\xampp\htdocs\warok\config\config.php:182
[01-May-2026 10:33:02 Asia/Jakarta] [2026-05-01 10:33:02] errno=2 Undefined property: mysqli::$in_transaction in C:\xampp\htdocs\warok\config\config.php:182
[01-May-2026 05:33:03 Europe/Berlin] [2026-05-01 05:33:03] errno=2 Undefined property: mysqli::$in_transaction in C:\xampp\htdocs\warok\config\config.php:182
[01-May-2026 10:33:06 Asia/Jakarta] [2026-05-01 10:33:06] errno=2 Undefined property: mysqli::$in_transaction in C:\xampp\htdocs\warok\config\config.php:182
[01-May-2026 05:33:08 Europe/Berlin] [2026-05-01 05:33:08] errno=2 Undefined property: mysqli::$in_transaction in C:\xampp\htdocs\warok\config\config.php:182
[01-May-2026 05:33:16 Europe/Berlin] [2026-05-01 05:33:16] errno=2 Undefined property: mysqli::$in_transaction in C:\xampp\htdocs\warok\config\config.php:182
[01-May-2026 05:33:19 Europe/Berlin] [2026-05-01 05:33:19] errno=2 Undefined property: mysqli::$in_transaction in C:\xampp\htdocs\warok\config\config.php:182
[01-May-2026 05:33:19 Europe/Berlin] [2026-05-01 05:33:19] errno=2 Undefined property: mysqli::$in_transaction in C:\xampp\htdocs\warok\config\config.php:182
[01-May-2026 05:33:20 Europe/Berlin] [2026-05-01 05:33:20] errno=2 Undefined property: mysqli::$in_transaction in C:\xampp\htdocs\warok\config\config.php:182
[01-May-2026 05:33:26 Europe/Berlin] [2026-05-01 05:33:26] errno=2 Undefined property: mysqli::$in_transaction in C:\xampp\htdocs\warok\config\config.php:182
[01-May-2026 05:33:31 Europe/Berlin] [2026-05-01 05:33:31] errno=2 Undefined property: mysqli::$in_transaction in C:\xampp\htdocs\warok\config\config.php:182
[01-May-2026 05:33:32 Europe/Berlin] [2026-05-01 05:33:32] errno=2 Undefined property: mysqli::$in_transaction in C:\xampp\htdocs\warok\config\config.php:182
[01-May-2026 10:33:32 Asia/Jakarta] [2026-05-01 10:33:32] errno=2 Undefined property: mysqli::$in_transaction in C:\xampp\htdocs\warok\config\config.php:182
[01-May-2026 10:33:35 Asia/Jakarta] [2026-05-01 10:33:35] errno=2 Undefined property: mysqli::$in_transaction in C:\xampp\htdocs\warok\config\config.php:182
[01-May-2026 05:33:38 Europe/Berlin] [2026-05-01 05:33:38] errno=2 Undefined property: mysqli::$in_transaction in C:\xampp\htdocs\warok\config\config.php:182
[01-May-2026 05:33:42 Europe/Berlin] [2026-05-01 05:33:42] errno=2 Undefined property: mysqli::$in_transaction in C:\xampp\htdocs\warok\config\config.php:182
[01-May-2026 05:33:45 Europe/Berlin] [2026-05-01 05:33:45] errno=2 Undefined property: mysqli::$in_transaction in C:\xampp\htdocs\warok\config\config.php:182
[01-May-2026 05:33:45 Europe/Berlin] [2026-05-01 05:33:45] errno=2 Undefined property: mysqli::$in_transaction in C:\xampp\htdocs\warok\config\config.php:182
[01-May-2026 05:33:48 Europe/Berlin] [2026-05-01 05:33:48] errno=2 Undefined property: mysqli::$in_transaction in C:\xampp\htdocs\warok\config\config.php:182
[01-May-2026 05:33:54 Europe/Berlin] [2026-05-01 05:33:54] errno=2 Undefined property: mysqli::$in_transaction in C:\xampp\htdocs\warok\config\config.php:182
[01-May-2026 05:33:59 Europe/Berlin] [2026-05-01 05:33:59] errno=2 Undefined property: mysqli::$in_transaction in C:\xampp\htdocs\warok\config\config.php:182
[01-May-2026 05:35:06 Europe/Berlin] [2026-05-01 05:35:06] errno=2 Undefined property: mysqli::$in_transaction in C:\xampp\htdocs\warok\config\config.php:182
[01-May-2026 05:51:26 Europe/Berlin] [2026-05-01 05:51:26] errno=2 Undefined property: mysqli::$in_transaction in C:\xampp\htdocs\warok\config\config.php:182
[01-May-2026 05:53:38 Europe/Berlin] [2026-05-01 05:53:38] errno=2 Undefined property: mysqli::$in_transaction in C:\xampp\htdocs\warok\config\config.php:182
[01-May-2026 05:59:29 Europe/Berlin] [2026-05-01 05:59:29] errno=2 Undefined property: mysqli::$in_transaction in C:\xampp\htdocs\warok\config\config.php:182
[01-May-2026 05:59:39 Europe/Berlin] [2026-05-01 05:59:39] errno=2 Undefined property: mysqli::$in_transaction in C:\xampp\htdocs\warok\config\config.php:182
[01-May-2026 05:59:45 Europe/Berlin] [2026-05-01 05:59:45] errno=2 Undefined property: mysqli::$in_transaction in C:\xampp\htdocs\warok\config\config.php:182
[01-May-2026 10:59:45 Asia/Jakarta] [2026-05-01 10:59:45] errno=2 Undefined property: mysqli::$in_transaction in C:\xampp\htdocs\warok\config\config.php:182
[01-May-2026 05:59:50 Europe/Berlin] [2026-05-01 05:59:50] errno=2 Undefined property: mysqli::$in_transaction in C:\xampp\htdocs\warok\config\config.php:182
[01-May-2026 05:59:56 Europe/Berlin] [2026-05-01 05:59:56] errno=2 Undefined property: mysqli::$in_transaction in C:\xampp\htdocs\warok\config\config.php:182
[01-May-2026 06:00:03 Europe/Berlin] [2026-05-01 06:00:03] errno=2 Undefined property: mysqli::$in_transaction in C:\xampp\htdocs\warok\config\config.php:182
[01-May-2026 06:00:03 Europe/Berlin] [2026-05-01 06:00:03] errno=2 Undefined property: mysqli::$in_transaction in C:\xampp\htdocs\warok\config\config.php:182
[01-May-2026 06:00:05 Europe/Berlin] [2026-05-01 06:00:05] errno=2 Undefined property: mysqli::$in_transaction in C:\xampp\htdocs\warok\config\config.php:182
[01-May-2026 06:00:08 Europe/Berlin] [2026-05-01 06:00:08] errno=2 Undefined property: mysqli::$in_transaction in C:\xampp\htdocs\warok\config\config.php:182
[01-May-2026 06:00:12 Europe/Berlin] [2026-05-01 06:00:12] errno=2 Undefined property: mysqli::$in_transaction in C:\xampp\htdocs\warok\config\config.php:182
[01-May-2026 06:00:15 Europe/Berlin] [2026-05-01 06:00:15] errno=2 Undefined property: mysqli::$in_transaction in C:\xampp\htdocs\warok\config\config.php:182
[01-May-2026 06:00:15 Europe/Berlin] [2026-05-01 06:00:15] errno=2 Undefined property: mysqli::$in_transaction in C:\xampp\htdocs\warok\config\config.php:182
[01-May-2026 11:00:23 Asia/Jakarta] [2026-05-01 11:00:23] errno=2 Undefined property: mysqli::$in_transaction in C:\xampp\htdocs\warok\config\config.php:182
[01-May-2026 06:00:26 Europe/Berlin] [2026-05-01 06:00:26] errno=2 Undefined property: mysqli::$in_transaction in C:\xampp\htdocs\warok\config\config.php:182
[01-May-2026 06:00:31 Europe/Berlin] [2026-05-01 06:00:31] errno=2 Undefined property: mysqli::$in_transaction in C:\xampp\htdocs\warok\config\config.php:182
[01-May-2026 06:00:35 Europe/Berlin] [2026-05-01 06:00:35] errno=2 Undefined property: mysqli::$in_transaction in C:\xampp\htdocs\warok\config\config.php:182
[01-May-2026 06:00:38 Europe/Berlin] [2026-05-01 06:00:38] errno=2 Undefined property: mysqli::$in_transaction in C:\xampp\htdocs\warok\config\config.php:182
[01-May-2026 06:00:38 Europe/Berlin] [2026-05-01 06:00:38] errno=2 Undefined property: mysqli::$in_transaction in C:\xampp\htdocs\warok\config\config.php:182
[01-May-2026 06:00:40 Europe/Berlin] [2026-05-01 06:00:40] errno=2 Undefined property: mysqli::$in_transaction in C:\xampp\htdocs\warok\config\config.php:182
[01-May-2026 06:00:42 Europe/Berlin] [2026-05-01 06:00:42] errno=2 Undefined property: mysqli::$in_transaction in C:\xampp\htdocs\warok\config\config.php:182
[01-May-2026 06:00:47 Europe/Berlin] [2026-05-01 06:00:47] errno=2 Undefined property: mysqli::$in_transaction in C:\xampp\htdocs\warok\config\config.php:182
[01-May-2026 06:00:48 Europe/Berlin] [2026-05-01 06:00:48] errno=2 Undefined property: mysqli::$in_transaction in C:\xampp\htdocs\warok\config\config.php:182
[01-May-2026 06:00:56 Europe/Berlin] [2026-05-01 06:00:56] errno=2 Undefined property: mysqli::$in_transaction in C:\xampp\htdocs\warok\config\config.php:182
[01-May-2026 06:00:56 Europe/Berlin] [2026-05-01 06:00:56] errno=2 Undefined property: mysqli::$in_transaction in C:\xampp\htdocs\warok\config\config.php:182
[01-May-2026 06:00:59 Europe/Berlin] [2026-05-01 06:00:59] errno=2 Undefined property: mysqli::$in_transaction in C:\xampp\htdocs\warok\config\config.php:182
[01-May-2026 06:01:01 Europe/Berlin] [2026-05-01 06:01:01] errno=2 Undefined property: mysqli::$in_transaction in C:\xampp\htdocs\warok\config\config.php:182
[01-May-2026 06:01:02 Europe/Berlin] [2026-05-01 06:01:02] errno=2 Undefined property: mysqli::$in_transaction in C:\xampp\htdocs\warok\config\config.php:182
[01-May-2026 06:01:02 Europe/Berlin] [2026-05-01 06:01:02] errno=2 Undefined property: mysqli::$in_transaction in C:\xampp\htdocs\warok\config\config.php:182
[01-May-2026 06:01:04 Europe/Berlin] [2026-05-01 06:01:04] errno=2 Undefined property: mysqli::$in_transaction in C:\xampp\htdocs\warok\config\config.php:182
[01-May-2026 06:16:13 Europe/Berlin] [2026-05-01 06:16:13] errno=2 Undefined property: mysqli::$in_transaction in C:\xampp\htdocs\warok\config\config.php:182
[01-May-2026 06:16:36 Europe/Berlin] [2026-05-01 06:16:36] errno=2 Undefined property: mysqli::$in_transaction in C:\xampp\htdocs\warok\config\config.php:182
[01-May-2026 06:16:41 Europe/Berlin] [2026-05-01 06:16:41] errno=2 Undefined property: mysqli::$in_transaction in C:\xampp\htdocs\warok\config\config.php:182
[01-May-2026 06:16:41 Europe/Berlin] PHP Fatal error:  Uncaught Error: Call to undefined function midtrans_snap_js_url() in C:\xampp\htdocs\warok\cart\cart.php:362
Stack trace:
#0 {main}
  thrown in C:\xampp\htdocs\warok\cart\cart.php on line 362
[01-May-2026 06:16:41 Europe/Berlin] [FATAL 2026-05-01 06:16:41] Uncaught Error: Call to undefined function midtrans_snap_js_url() in C:\xampp\htdocs\warok\cart\cart.php:362
Stack trace:
#0 {main}
  thrown in C:\xampp\htdocs\warok\cart\cart.php:362
[01-May-2026 06:17:15 Europe/Berlin] [2026-05-01 06:17:15] errno=2 Undefined property: mysqli::$in_transaction in C:\xampp\htdocs\warok\config\config.php:182
[01-May-2026 06:17:15 Europe/Berlin] PHP Fatal error:  Uncaught Error: Call to undefined function midtrans_snap_js_url() in C:\xampp\htdocs\warok\cart\cart.php:362
Stack trace:
#0 {main}
  thrown in C:\xampp\htdocs\warok\cart\cart.php on line 362
[01-May-2026 06:17:15 Europe/Berlin] [FATAL 2026-05-01 06:17:15] Uncaught Error: Call to undefined function midtrans_snap_js_url() in C:\xampp\htdocs\warok\cart\cart.php:362
Stack trace:
#0 {main}
  thrown in C:\xampp\htdocs\warok\cart\cart.php:362
[01-May-2026 06:17:53 Europe/Berlin] [2026-05-01 06:17:53] errno=2 Undefined property: mysqli::$in_transaction in C:\xampp\htdocs\warok\config\config.php:182
[01-May-2026 06:17:53 Europe/Berlin] PHP Fatal error:  Uncaught Error: Call to undefined function midtrans_snap_js_url() in C:\xampp\htdocs\warok\cart\cart.php:362
Stack trace:
#0 {main}
  thrown in C:\xampp\htdocs\warok\cart\cart.php on line 362
[01-May-2026 06:17:53 Europe/Berlin] [FATAL 2026-05-01 06:17:53] Uncaught Error: Call to undefined function midtrans_snap_js_url() in C:\xampp\htdocs\warok\cart\cart.php:362
Stack trace:
#0 {main}
  thrown in C:\xampp\htdocs\warok\cart\cart.php:362
[01-May-2026 06:24:07 Europe/Berlin] [2026-05-01 06:24:07] errno=2 Undefined property: mysqli::$in_transaction in C:\xampp\htdocs\warok\config\config.php:182
[01-May-2026 06:25:03 Europe/Berlin] [2026-05-01 06:25:03] errno=2 Undefined property: mysqli::$in_transaction in C:\xampp\htdocs\warok\config\config.php:182
[01-May-2026 06:38:33 Europe/Berlin] [2026-05-01 06:38:33] errno=2 Undefined property: mysqli::$in_transaction in C:\xampp\htdocs\warok\config\config.php:182
[01-May-2026 06:38:33 Europe/Berlin] [2026-05-01 06:38:33] errno=2 Undefined property: mysqli::$in_transaction in C:\xampp\htdocs\warok\config\config.php:182
[01-May-2026 06:38:38 Europe/Berlin] [2026-05-01 06:38:38] errno=2 Undefined property: mysqli::$in_transaction in C:\xampp\htdocs\warok\config\config.php:182
[01-May-2026 06:38:41 Europe/Berlin] [2026-05-01 06:38:41] errno=2 Undefined property: mysqli::$in_transaction in C:\xampp\htdocs\warok\config\config.php:182
[01-May-2026 06:38:41 Europe/Berlin] [2026-05-01 06:38:41] errno=2 Undefined property: mysqli::$in_transaction in C:\xampp\htdocs\warok\config\config.php:182
[01-May-2026 06:38:44 Europe/Berlin] [2026-05-01 06:38:44] errno=2 Undefined property: mysqli::$in_transaction in C:\xampp\htdocs\warok\config\config.php:182
[01-May-2026 11:38:46 Asia/Jakarta] [2026-05-01 11:38:46] errno=2 Undefined property: mysqli::$in_transaction in C:\xampp\htdocs\warok\config\config.php:182
[01-May-2026 06:38:48 Europe/Berlin] [2026-05-01 06:38:48] errno=2 Undefined property: mysqli::$in_transaction in C:\xampp\htdocs\warok\config\config.php:182
[01-May-2026 06:38:50 Europe/Berlin] [2026-05-01 06:38:50] errno=2 Undefined property: mysqli::$in_transaction in C:\xampp\htdocs\warok\config\config.php:182
[01-May-2026 06:38:55 Europe/Berlin] [2026-05-01 06:38:55] errno=2 Undefined property: mysqli::$in_transaction in C:\xampp\htdocs\warok\config\config.php:182
[01-May-2026 06:38:56 Europe/Berlin] [2026-05-01 06:38:56] errno=2 Undefined property: mysqli::$in_transaction in C:\xampp\htdocs\warok\config\config.php:182
[01-May-2026 06:39:03 Europe/Berlin] [2026-05-01 06:39:03] errno=2 Undefined property: mysqli::$in_transaction in C:\xampp\htdocs\warok\config\config.php:182
[01-May-2026 06:39:09 Europe/Berlin] [2026-05-01 06:39:09] errno=2 Undefined property: mysqli::$in_transaction in C:\xampp\htdocs\warok\config\config.php:182
[01-May-2026 06:39:10 Europe/Berlin] [2026-05-01 06:39:10] errno=2 Undefined property: mysqli::$in_transaction in C:\xampp\htdocs\warok\config\config.php:182
[01-May-2026 06:39:11 Europe/Berlin] [2026-05-01 06:39:11] errno=2 Undefined property: mysqli::$in_transaction in C:\xampp\htdocs\warok\config\config.php:182
[01-May-2026 06:39:17 Europe/Berlin] [2026-05-01 06:39:17] errno=2 Undefined property: mysqli::$in_transaction in C:\xampp\htdocs\warok\config\config.php:182
[01-May-2026 11:39:18 Asia/Jakarta] [2026-05-01 11:39:18] errno=2 Undefined property: mysqli::$in_transaction in C:\xampp\htdocs\warok\config\config.php:182
[01-May-2026 06:39:21 Europe/Berlin] [2026-05-01 06:39:21] errno=2 Undefined property: mysqli::$in_transaction in C:\xampp\htdocs\warok\config\config.php:182
[01-May-2026 06:39:25 Europe/Berlin] [2026-05-01 06:39:25] errno=2 Undefined property: mysqli::$in_transaction in C:\xampp\htdocs\warok\config\config.php:182
[01-May-2026 06:39:33 Europe/Berlin] [2026-05-01 06:39:33] errno=2 Undefined property: mysqli::$in_transaction in C:\xampp\htdocs\warok\config\config.php:182
[01-May-2026 06:55:11 Europe/Berlin] [2026-05-01 06:55:11] errno=2 Undefined property: mysqli::$in_transaction in C:\xampp\htdocs\warok\config\config.php:182
[01-May-2026 06:58:02 Europe/Berlin] [2026-05-01 06:58:02] errno=2 Undefined property: mysqli::$in_transaction in C:\xampp\htdocs\warok\config\config.php:182
[01-May-2026 08:06:31 Europe/Berlin] [2026-05-01 08:06:31] errno=2 Undefined property: mysqli::$in_transaction in C:\xampp\htdocs\warok\config\config.php:182
[01-May-2026 08:06:34 Europe/Berlin] [2026-05-01 08:06:34] errno=2 Undefined property: mysqli::$in_transaction in C:\xampp\htdocs\warok\config\config.php:182
[01-May-2026 08:06:41 Europe/Berlin] [2026-05-01 08:06:41] errno=2 Undefined property: mysqli::$in_transaction in C:\xampp\htdocs\warok\config\config.php:182
[01-May-2026 08:06:41 Europe/Berlin] [2026-05-01 08:06:41] errno=2 Undefined property: mysqli::$in_transaction in C:\xampp\htdocs\warok\config\config.php:182
[01-May-2026 08:06:45 Europe/Berlin] [2026-05-01 08:06:45] errno=2 Undefined property: mysqli::$in_transaction in C:\xampp\htdocs\warok\config\config.php:182
[01-May-2026 08:06:46 Europe/Berlin] [2026-05-01 08:06:46] errno=2 Undefined property: mysqli::$in_transaction in C:\xampp\htdocs\warok\config\config.php:182
[01-May-2026 08:06:53 Europe/Berlin] [2026-05-01 08:06:53] errno=2 Undefined property: mysqli::$in_transaction in C:\xampp\htdocs\warok\config\config.php:182
[01-May-2026 08:06:56 Europe/Berlin] [2026-05-01 08:06:56] errno=2 Undefined property: mysqli::$in_transaction in C:\xampp\htdocs\warok\config\config.php:182
[01-May-2026 08:06:59 Europe/Berlin] [2026-05-01 08:06:59] errno=2 Undefined property: mysqli::$in_transaction in C:\xampp\htdocs\warok\config\config.php:182
[01-May-2026 08:07:05 Europe/Berlin] [2026-05-01 08:07:05] errno=2 Undefined property: mysqli::$in_transaction in C:\xampp\htdocs\warok\config\config.php:182
[01-May-2026 08:07:07 Europe/Berlin] [2026-05-01 08:07:07] errno=2 Undefined property: mysqli::$in_transaction in C:\xampp\htdocs\warok\config\config.php:182
[01-May-2026 08:22:59 Europe/Berlin] [2026-05-01 08:22:59] errno=2 Undefined property: mysqli::$in_transaction in C:\xampp\htdocs\warok\config\config.php:182
[01-May-2026 13:56:48 Europe/Berlin] [2026-05-01 13:56:48] errno=2 Undefined property: mysqli::$in_transaction in C:\xampp\htdocs\warok\config\config.php:182
[01-May-2026 13:56:55 Europe/Berlin] [2026-05-01 13:56:55] errno=2 Undefined property: mysqli::$in_transaction in C:\xampp\htdocs\warok\config\config.php:182
[01-May-2026 13:57:11 Europe/Berlin] [2026-05-01 13:57:11] errno=2 Undefined property: mysqli::$in_transaction in C:\xampp\htdocs\warok\config\config.php:182
[01-May-2026 13:57:12 Europe/Berlin] [2026-05-01 13:57:12] errno=2 Undefined property: mysqli::$in_transaction in C:\xampp\htdocs\warok\config\config.php:182
[01-May-2026 13:57:17 Europe/Berlin] [2026-05-01 13:57:17] errno=2 Undefined property: mysqli::$in_transaction in C:\xampp\htdocs\warok\config\config.php:182
[01-May-2026 13:57:21 Europe/Berlin] [2026-05-01 13:57:21] errno=2 Undefined property: mysqli::$in_transaction in C:\xampp\htdocs\warok\config\config.php:182
[01-May-2026 13:57:28 Europe/Berlin] [2026-05-01 13:57:28] errno=2 Undefined property: mysqli::$in_transaction in C:\xampp\htdocs\warok\config\config.php:182
[01-May-2026 13:57:30 Europe/Berlin] [2026-05-01 13:57:30] errno=2 Undefined property: mysqli::$in_transaction in C:\xampp\htdocs\warok\config\config.php:182
[01-May-2026 13:57:44 Europe/Berlin] [2026-05-01 13:57:44] errno=2 Undefined property: mysqli::$in_transaction in C:\xampp\htdocs\warok\config\config.php:182
[01-May-2026 13:57:48 Europe/Berlin] [2026-05-01 13:57:48] errno=2 Undefined property: mysqli::$in_transaction in C:\xampp\htdocs\warok\config\config.php:182
[01-May-2026 13:57:51 Europe/Berlin] [2026-05-01 13:57:51] errno=2 Undefined property: mysqli::$in_transaction in C:\xampp\htdocs\warok\config\config.php:182
[01-May-2026 13:57:55 Europe/Berlin] [2026-05-01 13:57:55] errno=2 Undefined property: mysqli::$in_transaction in C:\xampp\htdocs\warok\config\config.php:182
[01-May-2026 13:57:59 Europe/Berlin] [2026-05-01 13:57:59] errno=2 Undefined property: mysqli::$in_transaction in C:\xampp\htdocs\warok\config\config.php:182
[01-May-2026 14:05:10 Europe/Berlin] [2026-05-01 14:05:10] errno=2 Undefined property: mysqli::$in_transaction in C:\xampp\htdocs\warok\config\config.php:182
[01-May-2026 14:05:14 Europe/Berlin] [2026-05-01 14:05:14] errno=2 Undefined property: mysqli::$in_transaction in C:\xampp\htdocs\warok\config\config.php:182
[01-May-2026 14:05:26 Europe/Berlin] [2026-05-01 14:05:26] errno=2 Undefined property: mysqli::$in_transaction in C:\xampp\htdocs\warok\config\config.php:182
[01-May-2026 14:05:41 Europe/Berlin] [2026-05-01 14:05:41] errno=2 Undefined property: mysqli::$in_transaction in C:\xampp\htdocs\warok\config\config.php:182
[01-May-2026 14:05:43 Europe/Berlin] [2026-05-01 14:05:43] errno=2 Undefined property: mysqli::$in_transaction in C:\xampp\htdocs\warok\config\config.php:182
[01-May-2026 14:05:50 Europe/Berlin] [2026-05-01 14:05:50] errno=2 Undefined property: mysqli::$in_transaction in C:\xampp\htdocs\warok\config\config.php:182
[01-May-2026 19:05:51 Asia/Jakarta] [2026-05-01 19:05:51] errno=2 Undefined property: mysqli::$in_transaction in C:\xampp\htdocs\warok\config\config.php:182
[01-May-2026 14:05:57 Europe/Berlin] [2026-05-01 14:05:57] errno=2 Undefined property: mysqli::$in_transaction in C:\xampp\htdocs\warok\config\config.php:182
[01-May-2026 14:06:12 Europe/Berlin] [2026-05-01 14:06:12] errno=2 Undefined property: mysqli::$in_transaction in C:\xampp\htdocs\warok\config\config.php:182
[01-May-2026 14:06:17 Europe/Berlin] [2026-05-01 14:06:17] errno=2 Undefined property: mysqli::$in_transaction in C:\xampp\htdocs\warok\config\config.php:182
[01-May-2026 14:06:20 Europe/Berlin] [2026-05-01 14:06:20] errno=2 Undefined property: mysqli::$in_transaction in C:\xampp\htdocs\warok\config\config.php:182
[01-May-2026 14:06:20 Europe/Berlin] [2026-05-01 14:06:20] errno=2 Undefined property: mysqli::$in_transaction in C:\xampp\htdocs\warok\config\config.php:182
[01-May-2026 14:06:24 Europe/Berlin] [2026-05-01 14:06:24] errno=2 Undefined property: mysqli::$in_transaction in C:\xampp\htdocs\warok\config\config.php:182
[01-May-2026 14:06:27 Europe/Berlin] [2026-05-01 14:06:27] errno=2 Undefined property: mysqli::$in_transaction in C:\xampp\htdocs\warok\config\config.php:182
[01-May-2026 14:06:28 Europe/Berlin] [2026-05-01 14:06:28] errno=2 Undefined property: mysqli::$in_transaction in C:\xampp\htdocs\warok\config\config.php:182
[01-May-2026 14:06:30 Europe/Berlin] [2026-05-01 14:06:30] errno=2 Undefined property: mysqli::$in_transaction in C:\xampp\htdocs\warok\config\config.php:182
[01-May-2026 14:06:30 Europe/Berlin] [2026-05-01 14:06:30] errno=2 Undefined property: mysqli::$in_transaction in C:\xampp\htdocs\warok\config\config.php:182
[01-May-2026 14:06:32 Europe/Berlin] [2026-05-01 14:06:32] errno=2 Undefined property: mysqli::$in_transaction in C:\xampp\htdocs\warok\config\config.php:182
[01-May-2026 14:06:34 Europe/Berlin] [2026-05-01 14:06:34] errno=2 Undefined property: mysqli::$in_transaction in C:\xampp\htdocs\warok\config\config.php:182
[01-May-2026 14:06:37 Europe/Berlin] [2026-05-01 14:06:37] errno=2 Undefined property: mysqli::$in_transaction in C:\xampp\htdocs\warok\config\config.php:182
[01-May-2026 14:06:42 Europe/Berlin] [2026-05-01 14:06:42] errno=2 Undefined property: mysqli::$in_transaction in C:\xampp\htdocs\warok\config\config.php:182
[01-May-2026 14:06:45 Europe/Berlin] [2026-05-01 14:06:45] errno=2 Undefined property: mysqli::$in_transaction in C:\xampp\htdocs\warok\config\config.php:182
[01-May-2026 14:06:48 Europe/Berlin] [2026-05-01 14:06:48] errno=2 Undefined property: mysqli::$in_transaction in C:\xampp\htdocs\warok\config\config.php:182
[01-May-2026 14:06:54 Europe/Berlin] [2026-05-01 14:06:54] errno=2 Undefined property: mysqli::$in_transaction in C:\xampp\htdocs\warok\config\config.php:182
[01-May-2026 14:06:54 Europe/Berlin] [2026-05-01 14:06:54] errno=2 Undefined property: mysqli::$in_transaction in C:\xampp\htdocs\warok\config\config.php:182
[01-May-2026 14:06:57 Europe/Berlin] [2026-05-01 14:06:57] errno=2 Undefined property: mysqli::$in_transaction in C:\xampp\htdocs\warok\config\config.php:182
[01-May-2026 14:06:58 Europe/Berlin] [2026-05-01 14:06:58] errno=2 Undefined property: mysqli::$in_transaction in C:\xampp\htdocs\warok\config\config.php:182
[01-May-2026 14:06:59 Europe/Berlin] [2026-05-01 14:06:59] errno=2 Undefined property: mysqli::$in_transaction in C:\xampp\htdocs\warok\config\config.php:182
[01-May-2026 14:07:05 Europe/Berlin] [2026-05-01 14:07:05] errno=2 Undefined property: mysqli::$in_transaction in C:\xampp\htdocs\warok\config\config.php:182
[01-May-2026 14:07:19 Europe/Berlin] [2026-05-01 14:07:19] errno=2 Undefined property: mysqli::$in_transaction in C:\xampp\htdocs\warok\config\config.php:182
[01-May-2026 14:07:26 Europe/Berlin] [2026-05-01 14:07:26] errno=2 Undefined property: mysqli::$in_transaction in C:\xampp\htdocs\warok\config\config.php:182
[01-May-2026 14:07:27 Europe/Berlin] [2026-05-01 14:07:27] errno=2 Undefined property: mysqli::$in_transaction in C:\xampp\htdocs\warok\config\config.php:182
[01-May-2026 14:07:33 Europe/Berlin] [2026-05-01 14:07:33] errno=2 Undefined property: mysqli::$in_transaction in C:\xampp\htdocs\warok\config\config.php:182
[01-May-2026 14:07:41 Europe/Berlin] [2026-05-01 14:07:41] errno=2 Undefined property: mysqli::$in_transaction in C:\xampp\htdocs\warok\config\config.php:182
[01-May-2026 14:07:44 Europe/Berlin] [2026-05-01 14:07:44] errno=2 Undefined property: mysqli::$in_transaction in C:\xampp\htdocs\warok\config\config.php:182
[01-May-2026 14:07:44 Europe/Berlin] [2026-05-01 14:07:44] errno=2 Undefined property: mysqli::$in_transaction in C:\xampp\htdocs\warok\config\config.php:182
[01-May-2026 14:07:49 Europe/Berlin] [2026-05-01 14:07:49] errno=2 Undefined property: mysqli::$in_transaction in C:\xampp\htdocs\warok\config\config.php:182
[01-May-2026 14:07:54 Europe/Berlin] [2026-05-01 14:07:54] errno=2 Undefined property: mysqli::$in_transaction in C:\xampp\htdocs\warok\config\config.php:182
[01-May-2026 14:07:59 Europe/Berlin] PHP Fatal error:  Uncaught mysqli_sql_exception: MySQL server has gone away in C:\xampp\htdocs\warok\checkout\checkout_process.php:374
Stack trace:
#0 C:\xampp\htdocs\warok\checkout\checkout_process.php(374): mysqli->rollback()
#1 {main}
  thrown in C:\xampp\htdocs\warok\checkout\checkout_process.php on line 374
[01-May-2026 14:07:59 Europe/Berlin] Checkout Fatal Error: Uncaught mysqli_sql_exception: MySQL server has gone away in C:\xampp\htdocs\warok\checkout\checkout_process.php:374
Stack trace:
#0 C:\xampp\htdocs\warok\checkout\checkout_process.php(374): mysqli->rollback()
#1 {main}
  thrown in C:\xampp\htdocs\warok\checkout\checkout_process.php:374
[01-May-2026 14:07:59 Europe/Berlin] [FATAL 2026-05-01 14:07:59] Uncaught mysqli_sql_exception: MySQL server has gone away in C:\xampp\htdocs\warok\checkout\checkout_process.php:374
Stack trace:
#0 C:\xampp\htdocs\warok\checkout\checkout_process.php(374): mysqli->rollback()
#1 {main}
  thrown in C:\xampp\htdocs\warok\checkout\checkout_process.php:374
[01-May-2026 14:08:16 Europe/Berlin] [2026-05-01 14:08:16] errno=2 Undefined property: mysqli::$in_transaction in C:\xampp\htdocs\warok\config\config.php:182
[01-May-2026 14:08:22 Europe/Berlin] [2026-05-01 14:08:22] errno=2 Undefined property: mysqli::$in_transaction in C:\xampp\htdocs\warok\config\config.php:182
[01-May-2026 14:08:24 Europe/Berlin] [2026-05-01 14:08:24] errno=2 Undefined property: mysqli::$in_transaction in C:\xampp\htdocs\warok\config\config.php:182
[01-May-2026 14:08:26 Europe/Berlin] [2026-05-01 14:08:26] errno=2 Undefined property: mysqli::$in_transaction in C:\xampp\htdocs\warok\config\config.php:182
[01-May-2026 14:08:31 Europe/Berlin] [2026-05-01 14:08:31] errno=2 Undefined property: mysqli::$in_transaction in C:\xampp\htdocs\warok\config\config.php:182
[01-May-2026 19:08:34 Asia/Jakarta] [2026-05-01 19:08:34] errno=2 Undefined property: mysqli::$in_transaction in C:\xampp\htdocs\warok\config\config.php:182
[01-May-2026 14:08:34 Europe/Berlin] [2026-05-01 14:08:34] errno=2 Undefined property: mysqli::$in_transaction in C:\xampp\htdocs\warok\config\config.php:182
[01-May-2026 14:08:56 Europe/Berlin] [2026-05-01 14:08:56] errno=2 Undefined property: mysqli::$in_transaction in C:\xampp\htdocs\warok\config\config.php:182
[01-May-2026 19:09:00 Asia/Jakarta] [2026-05-01 19:09:00] errno=2 Undefined property: mysqli::$in_transaction in C:\xampp\htdocs\warok\config\config.php:182
[01-May-2026 14:10:51 Europe/Berlin] [2026-05-01 14:10:51] errno=2 Undefined property: mysqli::$in_transaction in C:\xampp\htdocs\warok\config\config.php:182
[01-May-2026 14:10:52 Europe/Berlin] [2026-05-01 14:10:52] errno=2 Undefined property: mysqli::$in_transaction in C:\xampp\htdocs\warok\config\config.php:182
[01-May-2026 14:10:54 Europe/Berlin] [2026-05-01 14:10:54] errno=2 Undefined property: mysqli::$in_transaction in C:\xampp\htdocs\warok\config\config.php:182
[01-May-2026 14:11:08 Europe/Berlin] [2026-05-01 14:11:08] errno=2 Undefined property: mysqli::$in_transaction in C:\xampp\htdocs\warok\config\config.php:182
[01-May-2026 14:11:10 Europe/Berlin] [2026-05-01 14:11:10] errno=2 Undefined property: mysqli::$in_transaction in C:\xampp\htdocs\warok\config\config.php:182
[01-May-2026 19:11:46 Asia/Jakarta] [2026-05-01 19:11:46] errno=2 Undefined property: mysqli::$in_transaction in C:\xampp\htdocs\warok\config\config.php:182
[01-May-2026 19:11:48 Asia/Jakarta] [2026-05-01 19:11:48] errno=2 Undefined property: mysqli::$in_transaction in C:\xampp\htdocs\warok\config\config.php:182
[01-May-2026 19:11:52 Asia/Jakarta] [2026-05-01 19:11:52] errno=2 Undefined property: mysqli::$in_transaction in C:\xampp\htdocs\warok\config\config.php:182
[01-May-2026 19:11:54 Asia/Jakarta] [2026-05-01 19:11:54] errno=2 Undefined property: mysqli::$in_transaction in C:\xampp\htdocs\warok\config\config.php:182
[01-May-2026 19:12:05 Asia/Jakarta] [2026-05-01 19:12:05] errno=2 Undefined property: mysqli::$in_transaction in C:\xampp\htdocs\warok\config\config.php:182
[01-May-2026 19:12:07 Asia/Jakarta] [2026-05-01 19:12:07] errno=2 Undefined property: mysqli::$in_transaction in C:\xampp\htdocs\warok\config\config.php:182
[01-May-2026 14:12:08 Europe/Berlin] [2026-05-01 14:12:08] errno=2 Undefined property: mysqli::$in_transaction in C:\xampp\htdocs\warok\config\config.php:182
[01-May-2026 19:12:08 Asia/Jakarta] [2026-05-01 19:12:08] errno=2 Undefined property: mysqli::$in_transaction in C:\xampp\htdocs\warok\config\config.php:182
[01-May-2026 19:12:16 Asia/Jakarta] [2026-05-01 19:12:16] errno=2 Undefined property: mysqli::$in_transaction in C:\xampp\htdocs\warok\config\config.php:182
[01-May-2026 14:12:26 Europe/Berlin] [2026-05-01 14:12:26] errno=2 Undefined property: mysqli::$in_transaction in C:\xampp\htdocs\warok\config\config.php:182
[01-May-2026 14:12:39 Europe/Berlin] [2026-05-01 14:12:39] errno=2 Undefined property: mysqli::$in_transaction in C:\xampp\htdocs\warok\config\config.php:182
[01-May-2026 14:13:55 Europe/Berlin] [2026-05-01 14:13:55] errno=2 Undefined property: mysqli::$in_transaction in C:\xampp\htdocs\warok\config\config.php:182
[01-May-2026 19:13:58 Asia/Jakarta] [2026-05-01 19:13:58] errno=2 Undefined property: mysqli::$in_transaction in C:\xampp\htdocs\warok\config\config.php:182
[01-May-2026 19:14:06 Asia/Jakarta] [2026-05-01 19:14:06] errno=2 Undefined property: mysqli::$in_transaction in C:\xampp\htdocs\warok\config\config.php:182
[01-May-2026 14:14:28 Europe/Berlin] [2026-05-01 14:14:28] errno=2 Undefined property: mysqli::$in_transaction in C:\xampp\htdocs\warok\config\config.php:182
[01-May-2026 14:14:35 Europe/Berlin] [2026-05-01 14:14:35] errno=2 Undefined property: mysqli::$in_transaction in C:\xampp\htdocs\warok\config\config.php:182
[01-May-2026 14:15:08 Europe/Berlin] [2026-05-01 14:15:08] errno=2 Undefined property: mysqli::$in_transaction in C:\xampp\htdocs\warok\config\config.php:182
[01-May-2026 14:15:37 Europe/Berlin] [2026-05-01 14:15:37] errno=2 Undefined property: mysqli::$in_transaction in C:\xampp\htdocs\warok\config\config.php:182
[01-May-2026 14:16:07 Europe/Berlin] [2026-05-01 14:16:07] errno=2 Undefined property: mysqli::$in_transaction in C:\xampp\htdocs\warok\config\config.php:182
[01-May-2026 14:16:37 Europe/Berlin] [2026-05-01 14:16:37] errno=2 Undefined property: mysqli::$in_transaction in C:\xampp\htdocs\warok\config\config.php:182
[01-May-2026 14:17:08 Europe/Berlin] [2026-05-01 14:17:08] errno=2 Undefined property: mysqli::$in_transaction in C:\xampp\htdocs\warok\config\config.php:182
[01-May-2026 14:17:37 Europe/Berlin] [2026-05-01 14:17:37] errno=2 Undefined property: mysqli::$in_transaction in C:\xampp\htdocs\warok\config\config.php:182
[01-May-2026 14:18:07 Europe/Berlin] [2026-05-01 14:18:07] errno=2 Undefined property: mysqli::$in_transaction in C:\xampp\htdocs\warok\config\config.php:182
[01-May-2026 14:19:05 Europe/Berlin] [2026-05-01 14:19:05] errno=2 Undefined property: mysqli::$in_transaction in C:\xampp\htdocs\warok\config\config.php:182
[01-May-2026 14:20:05 Europe/Berlin] [2026-05-01 14:20:05] errno=2 Undefined property: mysqli::$in_transaction in C:\xampp\htdocs\warok\config\config.php:182
[01-May-2026 14:22:21 Europe/Berlin] [2026-05-01 14:22:21] errno=2 Undefined property: mysqli::$in_transaction in C:\xampp\htdocs\warok\config\config.php:182
[01-May-2026 14:22:25 Europe/Berlin] [2026-05-01 14:22:25] errno=2 Undefined property: mysqli::$in_transaction in C:\xampp\htdocs\warok\config\config.php:182
[01-May-2026 14:22:27 Europe/Berlin] [2026-05-01 14:22:27] errno=2 Undefined property: mysqli::$in_transaction in C:\xampp\htdocs\warok\config\config.php:182
[01-May-2026 14:22:28 Europe/Berlin] [2026-05-01 14:22:28] errno=2 Undefined property: mysqli::$in_transaction in C:\xampp\htdocs\warok\config\config.php:182
[01-May-2026 14:22:29 Europe/Berlin] [2026-05-01 14:22:29] errno=2 Undefined property: mysqli::$in_transaction in C:\xampp\htdocs\warok\config\config.php:182
[01-May-2026 14:35:36 Europe/Berlin] [2026-05-01 14:35:36] errno=2 Undefined property: mysqli::$in_transaction in C:\xampp\htdocs\warok\config\config.php:182
